
> mikrotik-netwatch-dashboard@0.1.0 test
> vitest --run --reporter=verbose

npm : [33mThe CJS build of Vite's Node API is deprecated. See https://
vite.dev/guide/troubleshooting.html#vite-cjs-node-api-deprecated for mo
re details.[39m
At line:1 char:1
+ npm test -- --reporter=verbose 2>&1 | Tee-Object -FilePath test-outpu
 ...
+ ~~~~~~~~~~~~~~~~~~~~~~~~~~~~~~~~~~~
    + CategoryInfo          : NotSpecified: ([33mThe CJS bu...e detai 
   ls.[39m:String) [], RemoteException
    + FullyQualifiedErrorId : NativeCommandError
 

[1m[7m[36m RUN [39m[27m[22m [36mv2.1.9 [39m[90mC:/project/sf[39m

 [2m[90mΓåô[39m[22m __tests__/end-to-end.test.tsx[2m > [22mEnd-to-End Tests - Complete User Workflows[2m > [22mUser Login and Navigation for Each Role[2m > [22mshould handle complete ADMIN user login and navigation workflow
 [2m[90mΓåô[39m[22m __tests__/end-to-end.test.tsx[2m > [22mEnd-to-End Tests - Complete User Workflows[2m > [22mUser Login and Navigation for Each Role[2m > [22mshould handle complete OPERATOR user login and navigation workflow
 [2m[90mΓåô[39m[22m __tests__/end-to-end.test.tsx[2m > [22mEnd-to-End Tests - Complete User Workflows[2m > [22mUser Login and Navigation for Each Role[2m > [22mshould handle complete VIEWER user login and navigation workflow
 [2m[90mΓåô[39m[22m __tests__/end-to-end.test.tsx[2m > [22mEnd-to-End Tests - Complete User Workflows[2m > [22mUser Login and Navigation for Each Role[2m > [22mshould handle login failure with invalid credentials
 [2m[90mΓåô[39m[22m __tests__/end-to-end.test.tsx[2m > [22mEnd-to-End Tests - Complete User Workflows[2m > [22mDevice Creation and Map Visualization[2m > [22mshould handle complete device creation workflow and map visualization
 [2m[90mΓåô[39m[22m __tests__/end-to-end.test.tsx[2m > [22mEnd-to-End Tests - Complete User Workflows[2m > [22mDevice Creation and Map Visualization[2m > [22mshould handle device creation with different device types and visualize correctly
 [2m[90mΓåô[39m[22m __tests__/end-to-end.test.tsx[2m > [22mEnd-to-End Tests - Complete User Workflows[2m > [22mDevice Creation and Map Visualization[2m > [22mshould handle device creation form validation
 [2m[90mΓåô[39m[22m __tests__/end-to-end.test.tsx[2m > [22mEnd-to-End Tests - Complete User Workflows[2m > [22mDrag-and-Drop Position Updates[2m > [22mshould handle drag-and-drop position updates for ADMIN/OPERATOR users
 [2m[90mΓåô[39m[22m __tests__/end-to-end.test.tsx[2m > [22mEnd-to-End Tests - Complete User Workflows[2m > [22mDrag-and-Drop Position Updates[2m > [22mshould prevent drag-and-drop for VIEWER users
 [2m[90mΓåô[39m[22m __tests__/end-to-end.test.tsx[2m > [22mEnd-to-End Tests - Complete User Workflows[2m > [22mDrag-and-Drop Position Updates[2m > [22mshould handle position update API errors gracefully
 [2m[90mΓåô[39m[22m __tests__/end-to-end.test.tsx[2m > [22mEnd-to-End Tests - Complete User Workflows[2m > [22mReal-Time Status Updates on Map[2m > [22mshould handle real-time status updates with 5-second polling
 [2m[90mΓåô[39m[22m __tests__/end-to-end.test.tsx[2m > [22mEnd-to-End Tests - Complete User Workflows[2m > [22mReal-Time Status Updates on Map[2m > [22mshould handle API errors during status updates
 [2m[90mΓåô[39m[22m __tests__/end-to-end.test.tsx[2m > [22mEnd-to-End Tests - Complete User Workflows[2m > [22mReal-Time Status Updates on Map[2m > [22mshould show loading state during initial data fetch
 [2m[90mΓåô[39m[22m __tests__/end-to-end.test.tsx[2m > [22mEnd-to-End Tests - Complete User Workflows[2m > [22mReal-Time Status Updates on Map[2m > [22mshould handle multiple device status changes simultaneously
 [2m[90mΓåô[39m[22m __tests__/end-to-end.test.tsx[2m > [22mEnd-to-End Tests - Complete User Workflows[2m > [22mComplete End-to-End User Workflows[2m > [22mshould handle complete workflow: login ΓåÆ create device ΓåÆ view on map ΓåÆ drag device ΓåÆ status update
 [2m[90mΓåô[39m[22m __tests__/end-to-end.test.tsx[2m > [22mEnd-to-End Tests - Complete User Workflows[2m > [22mComplete End-to-End User Workflows[2m > [22mshould handle role-based workflow restrictions
 [2m[90mΓåô[39m[22m __tests__/error-handling-verification.test.ts[2m > [22mError Handling Verification - Complete System Stability[2m > [22mDatabase Connection Error Scenarios[2m > [22mshould handle database connection failures gracefully
 [2m[90mΓåô[39m[22m __tests__/error-handling-verification.test.ts[2m > [22mError Handling Verification - Complete System Stability[2m > [22mDatabase Connection Error Scenarios[2m > [22mshould handle database timeout errors during device creation
 [2m[90mΓåô[39m[22m __tests__/error-handling-verification.test.ts[2m > [22mError Handling Verification - Complete System Stability[2m > [22mDatabase Connection Error Scenarios[2m > [22mshould handle database constraint violations gracefully
 [2m[90mΓåô[39m[22m __tests__/error-handling-verification.test.ts[2m > [22mError Handling Verification - Complete System Stability[2m > [22mMalformed Request Body Scenarios[2m > [22mshould handle invalid JSON in request body
 [2m[90mΓåô[39m[22m __tests__/error-handling-verification.test.ts[2m > [22mError Handling Verification - Complete System Stability[2m > [22mMalformed Request Body Scenarios[2m > [22mshould handle missing required fields in device creation
 [2m[90mΓåô[39m[22m __tests__/error-handling-verification.test.ts[2m > [22mError Handling Verification - Complete System Stability[2m > [22mMalformed Request Body Scenarios[2m > [22mshould handle invalid device types
 [2m[90mΓåô[39m[22m __tests__/error-handling-verification.test.ts[2m > [22mError Handling Verification - Complete System Stability[2m > [22mMalformed Request Body Scenarios[2m > [22mshould handle extremely large request bodies
 [2m[90mΓåô[39m[22m __tests__/error-handling-verification.test.ts[2m > [22mError Handling Verification - Complete System Stability[2m > [22mAuthentication and Session Error Scenarios[2m > [22mshould handle null session gracefully
 [2m[90mΓåô[39m[22m __tests__/error-handling-verification.test.ts[2m > [22mError Handling Verification - Complete System Stability[2m > [22mAuthentication and Session Error Scenarios[2m > [22mshould handle session with missing user property
 [2m[90mΓåô[39m[22m __tests__/error-handling-verification.test.ts[2m > [22mError Handling Verification - Complete System Stability[2m > [22mAuthentication and Session Error Scenarios[2m > [22mshould handle session with missing role property
 [2m[90mΓåô[39m[22m __tests__/error-handling-verification.test.ts[2m > [22mError Handling Verification - Complete System Stability[2m > [22mAuthentication and Session Error Scenarios[2m > [22mshould handle corrupted session data
 [2m[90mΓåô[39m[22m __tests__/error-handling-verification.test.ts[2m > [22mError Handling Verification - Complete System Stability[2m > [22mResource Not Found Error Scenarios[2m > [22mshould handle device update for non-existent device
 [2m[90mΓåô[39m[22m __tests__/error-handling-verification.test.ts[2m > [22mError Handling Verification - Complete System Stability[2m > [22mResource Not Found Error Scenarios[2m > [22mshould handle device deletion for non-existent device
 [2m[90mΓåô[39m[22m __tests__/error-handling-verification.test.ts[2m > [22mError Handling Verification - Complete System Stability[2m > [22mResource Not Found Error Scenarios[2m > [22mshould handle position update for non-existent device
 [2m[90mΓåô[39m[22m __tests__/error-handling-verification.test.ts[2m > [22mError Handling Verification - Complete System Stability[2m > [22mConfiguration Error Scenarios[2m > [22mshould handle missing system configuration
 [2m[90mΓåô[39m[22m __tests__/error-handling-verification.test.ts[2m > [22mError Handling Verification - Complete System Stability[2m > [22mConfiguration Error Scenarios[2m > [22mshould handle invalid polling interval values
 [2m[90mΓåô[39m[22m __tests__/error-handling-verification.test.ts[2m > [22mError Handling Verification - Complete System Stability[2m > [22mPassword Change Error Scenarios[2m > [22mshould handle incorrect current password
 [2m[90mΓåô[39m[22m __tests__/error-handling-verification.test.ts[2m > [22mError Handling Verification - Complete System Stability[2m > [22mPassword Change Error Scenarios[2m > [22mshould handle missing password fields
 [2m[90mΓåô[39m[22m __tests__/error-handling-verification.test.ts[2m > [22mError Handling Verification - Complete System Stability[2m > [22mPassword Change Error Scenarios[2m > [22mshould handle user not found during password change
 [2m[90mΓåô[39m[22m __tests__/error-handling-verification.test.ts[2m > [22mError Handling Verification - Complete System Stability[2m > [22mConcurrent Access and Race Condition Scenarios[2m > [22mshould handle concurrent device creation with same IP
 [2m[90mΓåô[39m[22m __tests__/error-handling-verification.test.ts[2m > [22mError Handling Verification - Complete System Stability[2m > [22mConcurrent Access and Race Condition Scenarios[2m > [22mshould handle concurrent position updates for same device
 [2m[90mΓåô[39m[22m __tests__/error-handling-verification.test.ts[2m > [22mError Handling Verification - Complete System Stability[2m > [22mEdge Case Input Validation[2m > [22mshould handle extreme coordinate values
 [2m[90mΓåô[39m[22m __tests__/error-handling-verification.test.ts[2m > [22mError Handling Verification - Complete System Stability[2m > [22mEdge Case Input Validation[2m > [22mshould handle special characters in device names
 [2m[90mΓåô[39m[22m __tests__/error-handling-verification.test.ts[2m > [22mError Handling Verification - Complete System Stability[2m > [22mEdge Case Input Validation[2m > [22mshould handle invalid IP address formats
 [2m[90mΓåô[39m[22m __tests__/error-handling-verification.test.ts[2m > [22mError Handling Verification - Complete System Stability[2m > [22mSystem Stability Under Error Conditions[2m > [22mshould maintain system stability after multiple consecutive errors
 [2m[90mΓåô[39m[22m __tests__/error-handling-verification.test.ts[2m > [22mError Handling Verification - Complete System Stability[2m > [22mSystem Stability Under Error Conditions[2m > [22mshould handle memory pressure scenarios gracefully
 [2m[90mΓåô[39m[22m __tests__/error-handling-verification.test.ts[2m > [22mError Handling Verification - Complete System Stability[2m > [22mError Message Quality and Consistency[2m > [22mshould provide consistent error message format across all endpoints
 [2m[90mΓåô[39m[22m __tests__/error-handling-verification.test.ts[2m > [22mError Handling Verification - Complete System Stability[2m > [22mError Message Quality and Consistency[2m > [22mshould not expose sensitive information in error messages
 [2m[90mΓåô[39m[22m __tests__/visual-regression.test.tsx[2m > [22mVisual Regression Tests[2m > [22mResponsive Layout Tests[2m > [22mSidebar Responsive Behavior[2m > [22mshould apply responsive width classes for different screen sizes
 [2m[90mΓåô[39m[22m __tests__/visual-regression.test.tsx[2m > [22mVisual Regression Tests[2m > [22mResponsive Layout Tests[2m > [22mSidebar Responsive Behavior[2m > [22mshould hide text labels on small screens and show on larger screens
 [2m[90mΓåô[39m[22m __tests__/visual-regression.test.tsx[2m > [22mVisual Regression Tests[2m > [22mResponsive Layout Tests[2m > [22mSidebar Responsive Behavior[2m > [22mshould apply responsive padding classes
 [2m[90mΓåô[39m[22m __tests__/visual-regression.test.tsx[2m > [22mVisual Regression Tests[2m > [22mResponsive Layout Tests[2m > [22mSidebar Responsive Behavior[2m > [22mshould show responsive icon sizes
 [2m[90mΓåô[39m[22m __tests__/visual-regression.test.tsx[2m > [22mVisual Regression Tests[2m > [22mResponsive Layout Tests[2m > [22mSidebar Responsive Behavior[2m > [22mshould hide user info on small screens
 [2m[90mΓåô[39m[22m __tests__/visual-regression.test.tsx[2m > [22mVisual Regression Tests[2m > [22mResponsive Layout Tests[2m > [22mDeviceTable Responsive Behavior[2m > [22mshould hide columns on smaller screens
 [2m[90mΓåô[39m[22m __tests__/visual-regression.test.tsx[2m > [22mVisual Regression Tests[2m > [22mResponsive Layout Tests[2m > [22mDeviceTable Responsive Behavior[2m > [22mshould apply responsive padding to table cells
 [2m[90mΓåô[39m[22m __tests__/visual-regression.test.tsx[2m > [22mVisual Regression Tests[2m > [22mResponsive Layout Tests[2m > [22mDeviceTable Responsive Behavior[2m > [22mshould show condensed info on mobile
 [2m[90mΓåô[39m[22m __tests__/visual-regression.test.tsx[2m > [22mVisual Regression Tests[2m > [22mResponsive Layout Tests[2m > [22mDeviceTable Responsive Behavior[2m > [22mshould apply responsive button text visibility
 [2m[90mΓåô[39m[22m __tests__/visual-regression.test.tsx[2m > [22mVisual Regression Tests[2m > [22mResponsive Layout Tests[2m > [22mDeviceNode Responsive Behavior[2m > [22mshould maintain consistent sizing across different screen contexts
 [2m[90mΓåô[39m[22m __tests__/visual-regression.test.tsx[2m > [22mVisual Regression Tests[2m > [22mColor Scheme Consistency Tests[2m > [22mDeviceNode Color Consistency[2m > [22mshould apply consistent green colors for UP status
 [2m[90mΓåô[39m[22m __tests__/visual-regression.test.tsx[2m > [22mVisual Regression Tests[2m > [22mColor Scheme Consistency Tests[2m > [22mDeviceNode Color Consistency[2m > [22mshould apply consistent red colors for DOWN status
 [2m[90mΓåô[39m[22m __tests__/visual-regression.test.tsx[2m > [22mVisual Regression Tests[2m > [22mColor Scheme Consistency Tests[2m > [22mDeviceNode Color Consistency[2m > [22mshould apply consistent gray colors for UNKNOWN status
 [2m[90mΓåô[39m[22m __tests__/visual-regression.test.tsx[2m > [22mVisual Regression Tests[2m > [22mColor Scheme Consistency Tests[2m > [22mDeviceTable Color Consistency[2m > [22mshould apply consistent green colors for UP status badges
 [2m[90mΓåô[39m[22m __tests__/visual-regression.test.tsx[2m > [22mVisual Regression Tests[2m > [22mColor Scheme Consistency Tests[2m > [22mDeviceTable Color Consistency[2m > [22mshould apply consistent red colors for DOWN status badges
 [2m[90mΓåô[39m[22m __tests__/visual-regression.test.tsx[2m > [22mVisual Regression Tests[2m > [22mColor Scheme Consistency Tests[2m > [22mDeviceTable Color Consistency[2m > [22mshould apply consistent gray colors for UNKNOWN status badges
 [2m[90mΓåô[39m[22m __tests__/visual-regression.test.tsx[2m > [22mVisual Regression Tests[2m > [22mColor Scheme Consistency Tests[2m > [22mSidebar Color Consistency[2m > [22mshould apply consistent blue gradient for active navigation items
 [2m[90mΓåô[39m[22m __tests__/visual-regression.test.tsx[2m > [22mVisual Regression Tests[2m > [22mColor Scheme Consistency Tests[2m > [22mSidebar Color Consistency[2m > [22mshould apply consistent gray colors for inactive navigation items
 [2m[90mΓåô[39m[22m __tests__/visual-regression.test.tsx[2m > [22mVisual Regression Tests[2m > [22mColor Scheme Consistency Tests[2m > [22mSidebar Color Consistency[2m > [22mshould apply consistent red hover colors for logout button
 [2m[90mΓåô[39m[22m __tests__/visual-regression.test.tsx[2m > [22mVisual Regression Tests[2m > [22mColor Scheme Consistency Tests[2m > [22mSidebar Color Consistency[2m > [22mshould apply consistent blue gradient for header icon
 [2m[90mΓåô[39m[22m __tests__/visual-regression.test.tsx[2m > [22mVisual Regression Tests[2m > [22mViewport Scaling Tests[2m > [22mComponent Scaling Behavior[2m > [22mshould maintain proper aspect ratios in DeviceNode
 [2m[90mΓåô[39m[22m __tests__/visual-regression.test.tsx[2m > [22mVisual Regression Tests[2m > [22mViewport Scaling Tests[2m > [22mComponent Scaling Behavior[2m > [22mshould apply proper spacing for different screen densities
 [2m[90mΓåô[39m[22m __tests__/visual-regression.test.tsx[2m > [22mVisual Regression Tests[2m > [22mViewport Scaling Tests[2m > [22mComponent Scaling Behavior[2m > [22mshould maintain readable text sizes across viewports
 [2m[90mΓåô[39m[22m __tests__/visual-regression.test.tsx[2m > [22mVisual Regression Tests[2m > [22mViewport Scaling Tests[2m > [22mLayout Consistency Across Breakpoints[2m > [22mshould maintain consistent border radius across components
 [2m[90mΓåô[39m[22m __tests__/visual-regression.test.tsx[2m > [22mVisual Regression Tests[2m > [22mViewport Scaling Tests[2m > [22mLayout Consistency Across Breakpoints[2m > [22mshould maintain consistent shadow depths
 [2m[90mΓåô[39m[22m __tests__/visual-regression.test.tsx[2m > [22mVisual Regression Tests[2m > [22mViewport Scaling Tests[2m > [22mLayout Consistency Across Breakpoints[2m > [22mshould apply consistent transition durations
 [2m[90mΓåô[39m[22m __tests__/visual-regression.test.tsx[2m > [22mVisual Regression Tests[2m > [22mCross-Component Visual Consistency[2m > [22mshould maintain consistent icon sizes within component contexts
 [2m[90mΓåô[39m[22m __tests__/visual-regression.test.tsx[2m > [22mVisual Regression Tests[2m > [22mCross-Component Visual Consistency[2m > [22mshould maintain consistent button styling patterns
 [2m[90mΓåô[39m[22m __tests__/visual-regression.test.tsx[2m > [22mVisual Regression Tests[2m > [22mCross-Component Visual Consistency[2m > [22mshould maintain consistent spacing patterns
 [2m[90mΓåô[39m[22m __tests__/integration.test.ts[2m > [22mIntegration Tests - Complete System Flow[2m > [22mComplete Authentication Flow[2m > [22mshould handle complete authentication workflow for ADMIN user
 [2m[90mΓåô[39m[22m __tests__/integration.test.ts[2m > [22mIntegration Tests - Complete System Flow[2m > [22mComplete Authentication Flow[2m > [22mshould handle complete authentication workflow for OPERATOR user
 [2m[90mΓåô[39m[22m __tests__/integration.test.ts[2m > [22mIntegration Tests - Complete System Flow[2m > [22mComplete Authentication Flow[2m > [22mshould handle complete authentication workflow for VIEWER user
 [2m[90mΓåô[39m[22m __tests__/integration.test.ts[2m > [22mIntegration Tests - Complete System Flow[2m > [22mDevice CRUD Through API Integration[2m > [22mshould handle complete device lifecycle - create, read, update, delete
 [2m[90mΓåô[39m[22m __tests__/integration.test.ts[2m > [22mIntegration Tests - Complete System Flow[2m > [22mDevice CRUD Through API Integration[2m > [22mshould handle multiple device types in complete workflow
 [2m[90mΓåô[39m[22m __tests__/integration.test.ts[2m > [22mIntegration Tests - Complete System Flow[2m > [22mMap Interaction with Database Persistence[2m > [22mshould handle device position updates through map interaction
 [2m[90mΓåô[39m[22m __tests__/integration.test.ts[2m > [22mIntegration Tests - Complete System Flow[2m > [22mMap Interaction with Database Persistence[2m > [22mshould handle multiple device position updates
 [2m[90mΓåô[39m[22m __tests__/integration.test.ts[2m > [22mIntegration Tests - Complete System Flow[2m > [22mMap Interaction with Database Persistence[2m > [22mshould prevent position updates for VIEWER role
 [2m[90mΓåô[39m[22m __tests__/integration.test.ts[2m > [22mIntegration Tests - Complete System Flow[2m > [22mSystem Configuration Integration[2m > [22mshould handle complete configuration workflow
 [2m[90mΓåô[39m[22m __tests__/integration.test.ts[2m > [22mIntegration Tests - Complete System Flow[2m > [22mSystem Configuration Integration[2m > [22mshould prevent config access for non-ADMIN users
 [2m[90mΓåô[39m[22m __tests__/integration.test.ts[2m > [22mIntegration Tests - Complete System Flow[2m > [22mCross-Component Integration[2m > [22mshould handle complete user workflow - login, create device, update position, change config
 [2m[90mΓåô[39m[22m __tests__/device-api-endpoints.test.ts[2m > [22mDevice API Endpoints Unit Tests[2m > [22mPOST /api/devices - Device Creation[2m > [22mshould successfully create a device with valid data
 [2m[90mΓåô[39m[22m __tests__/device-api-endpoints.test.ts[2m > [22mDevice API Endpoints Unit Tests[2m > [22mPOST /api/devices - Device Creation[2m > [22mshould create device with TABLET type
 [2m[90mΓåô[39m[22m __tests__/device-api-endpoints.test.ts[2m > [22mDevice API Endpoints Unit Tests[2m > [22mPOST /api/devices - Device Creation[2m > [22mshould create device with SCANNER_GTEX type
 [2m[90mΓåô[39m[22m __tests__/device-api-endpoints.test.ts[2m > [22mDevice API Endpoints Unit Tests[2m > [22mPOST /api/devices - Device Creation[2m > [22mshould create device with SMART_TV type
 [2m[90mΓåô[39m[22m __tests__/device-api-endpoints.test.ts[2m > [22mDevice API Endpoints Unit Tests[2m > [22mPOST /api/devices - Device Creation[2m > [22mshould reject device creation with duplicate IP address
 [2m[90mΓåô[39m[22m __tests__/device-api-endpoints.test.ts[2m > [22mDevice API Endpoints Unit Tests[2m > [22mPOST /api/devices - Device Creation[2m > [22mshould reject device creation with missing name
 [2m[90mΓåô[39m[22m __tests__/device-api-endpoints.test.ts[2m > [22mDevice API Endpoints Unit Tests[2m > [22mPOST /api/devices - Device Creation[2m > [22mshould reject device creation with missing IP
 [2m[90mΓåô[39m[22m __tests__/device-api-endpoints.test.ts[2m > [22mDevice API Endpoints Unit Tests[2m > [22mPOST /api/devices - Device Creation[2m > [22mshould reject device creation with invalid device type
 [2m[90mΓåô[39m[22m __tests__/device-api-endpoints.test.ts[2m > [22mDevice API Endpoints Unit Tests[2m > [22mAuthorization Tests - 403 Forbidden[2m > [22mshould deny device creation for VIEWER role
 [2m[90mΓåô[39m[22m __tests__/device-api-endpoints.test.ts[2m > [22mDevice API Endpoints Unit Tests[2m > [22mAuthorization Tests - 403 Forbidden[2m > [22mshould allow device creation for ADMIN role
 [2m[90mΓåô[39m[22m __tests__/device-api-endpoints.test.ts[2m > [22mDevice API Endpoints Unit Tests[2m > [22mAuthorization Tests - 403 Forbidden[2m > [22mshould allow device creation for OPERATOR role
 [2m[90mΓåô[39m[22m __tests__/device-api-endpoints.test.ts[2m > [22mDevice API Endpoints Unit Tests[2m > [22mAuthorization Tests - 403 Forbidden[2m > [22mshould deny device update for VIEWER role
 [2m[90mΓåô[39m[22m __tests__/device-api-endpoints.test.ts[2m > [22mDevice API Endpoints Unit Tests[2m > [22mAuthorization Tests - 403 Forbidden[2m > [22mshould deny device deletion for VIEWER role
 [2m[90mΓåô[39m[22m __tests__/device-api-endpoints.test.ts[2m > [22mDevice API Endpoints Unit Tests[2m > [22mPUT /api/devices/[id] - Device Update[2m > [22mshould successfully update device name
 [2m[90mΓåô[39m[22m __tests__/device-api-endpoints.test.ts[2m > [22mDevice API Endpoints Unit Tests[2m > [22mPUT /api/devices/[id] - Device Update[2m > [22mshould successfully update device IP
 [2m[90mΓåô[39m[22m __tests__/device-api-endpoints.test.ts[2m > [22mDevice API Endpoints Unit Tests[2m > [22mPUT /api/devices/[id] - Device Update[2m > [22mshould successfully update device type
 [2m[90mΓåô[39m[22m __tests__/device-api-endpoints.test.ts[2m > [22mDevice API Endpoints Unit Tests[2m > [22mPUT /api/devices/[id] - Device Update[2m > [22mshould successfully update laneName
 [2m[90mΓåô[39m[22m __tests__/device-api-endpoints.test.ts[2m > [22mDevice API Endpoints Unit Tests[2m > [22mPUT /api/devices/[id] - Device Update[2m > [22mshould return 404 for non-existent device
 [2m[90mΓåô[39m[22m __tests__/device-api-endpoints.test.ts[2m > [22mDevice API Endpoints Unit Tests[2m > [22mDELETE /api/devices/[id] - Device Deletion[2m > [22mshould successfully delete a device
 [2m[90mΓåô[39m[22m __tests__/device-api-endpoints.test.ts[2m > [22mDevice API Endpoints Unit Tests[2m > [22mDELETE /api/devices/[id] - Device Deletion[2m > [22mshould return 404 when deleting non-existent device
 [2m[90mΓåô[39m[22m __tests__/device-api-endpoints.test.ts[2m > [22mDevice API Endpoints Unit Tests[2m > [22mDELETE /api/devices/[id] - Device Deletion[2m > [22mshould allow ADMIN to delete devices
 [2m[90mΓåô[39m[22m __tests__/device-api-endpoints.test.ts[2m > [22mDevice API Endpoints Unit Tests[2m > [22mDELETE /api/devices/[id] - Device Deletion[2m > [22mshould allow OPERATOR to delete devices
 [2m[90mΓåô[39m[22m __tests__/device-api-endpoints.test.ts[2m > [22mDevice API Endpoints Unit Tests[2m > [22mGET /api/devices - Device Listing[2m > [22mshould return all devices for authenticated user
 [2m[90mΓåô[39m[22m __tests__/device-api-endpoints.test.ts[2m > [22mDevice API Endpoints Unit Tests[2m > [22mGET /api/devices - Device Listing[2m > [22mshould require authentication
 [2m[90mΓåô[39m[22m __tests__/device-api-endpoints.test.ts[2m > [22mDevice API Endpoints Unit Tests[2m > [22mGET /api/devices - Device Listing[2m > [22mshould allow VIEWER to list devices
 [2m[90mΓåô[39m[22m __tests__/device-sync-api.test.ts[2m > [22mDevice Sync API[2m > [22mGET /api/mikrotik/sync-devices - Fetch Devices[2m > [22mAuthentication and Authorization[2m > [22mshould return 401 when not authenticated
 [2m[90mΓåô[39m[22m __tests__/device-sync-api.test.ts[2m > [22mDevice Sync API[2m > [22mGET /api/mikrotik/sync-devices - Fetch Devices[2m > [22mAuthentication and Authorization[2m > [22mshould return 403 when user is VIEWER
 [2m[90mΓåô[39m[22m __tests__/device-sync-api.test.ts[2m > [22mDevice Sync API[2m > [22mGET /api/mikrotik/sync-devices - Fetch Devices[2m > [22mAuthentication and Authorization[2m > [22mshould allow ADMIN to fetch devices
 [2m[90mΓåô[39m[22m __tests__/device-sync-api.test.ts[2m > [22mDevice Sync API[2m > [22mGET /api/mikrotik/sync-devices - Fetch Devices[2m > [22mAuthentication and Authorization[2m > [22mshould allow OPERATOR to fetch devices
 [2m[90mΓåô[39m[22m __tests__/device-sync-api.test.ts[2m > [22mDevice Sync API[2m > [22mGET /api/mikrotik/sync-devices - Fetch Devices[2m > [22mMikroTik Configuration[2m > [22mshould return 400 when MikroTik is not configured
 [2m[90mΓåô[39m[22m __tests__/device-sync-api.test.ts[2m > [22mDevice Sync API[2m > [22mGET /api/mikrotik/sync-devices - Fetch Devices[2m > [22mMikroTik Configuration[2m > [22mshould return 400 when MikroTik IP is missing
 [2m[90mΓåô[39m[22m __tests__/device-sync-api.test.ts[2m > [22mDevice Sync API[2m > [22mGET /api/mikrotik/sync-devices - Fetch Devices[2m > [22mSuccessful Device Fetch[2m > [22mshould successfully fetch devices from MikroTik
 [2m[90mΓåô[39m[22m __tests__/device-sync-api.test.ts[2m > [22mDevice Sync API[2m > [22mGET /api/mikrotik/sync-devices - Fetch Devices[2m > [22mSuccessful Device Fetch[2m > [22mshould map device types correctly based on name
 [2m[90mΓåô[39m[22m __tests__/device-sync-api.test.ts[2m > [22mDevice Sync API[2m > [22mGET /api/mikrotik/sync-devices - Fetch Devices[2m > [22mSuccessful Device Fetch[2m > [22mshould handle empty device list
 [2m[90mΓåô[39m[22m __tests__/device-sync-api.test.ts[2m > [22mDevice Sync API[2m > [22mGET /api/mikrotik/sync-devices - Fetch Devices[2m > [22mConnection Failures[2m > [22mshould handle connection timeout
 [2m[90mΓåô[39m[22m __tests__/device-sync-api.test.ts[2m > [22mDevice Sync API[2m > [22mGET /api/mikrotik/sync-devices - Fetch Devices[2m > [22mConnection Failures[2m > [22mshould handle authentication failure
 [2m[90mΓåô[39m[22m __tests__/device-sync-api.test.ts[2m > [22mDevice Sync API[2m > [22mGET /api/mikrotik/sync-devices - Fetch Devices[2m > [22mConnection Failures[2m > [22mshould handle connection refused
 [2m[90mΓåô[39m[22m __tests__/device-sync-api.test.ts[2m > [22mDevice Sync API[2m > [22mGET /api/mikrotik/sync-devices - Fetch Devices[2m > [22mConnection Failures[2m > [22mshould handle network unreachable
 [2m[90mΓåô[39m[22m __tests__/device-sync-api.test.ts[2m > [22mDevice Sync API[2m > [22mPOST /api/mikrotik/sync-devices - Import Devices[2m > [22mAuthentication and Authorization[2m > [22mshould return 401 when not authenticated
 [2m[90mΓåô[39m[22m __tests__/device-sync-api.test.ts[2m > [22mDevice Sync API[2m > [22mPOST /api/mikrotik/sync-devices - Import Devices[2m > [22mAuthentication and Authorization[2m > [22mshould return 403 when user is VIEWER
 [2m[90mΓåô[39m[22m __tests__/device-sync-api.test.ts[2m > [22mDevice Sync API[2m > [22mPOST /api/mikrotik/sync-devices - Import Devices[2m > [22mAuthentication and Authorization[2m > [22mshould allow ADMIN to import devices
 [2m[90mΓåô[39m[22m __tests__/device-sync-api.test.ts[2m > [22mDevice Sync API[2m > [22mPOST /api/mikrotik/sync-devices - Import Devices[2m > [22mAuthentication and Authorization[2m > [22mshould allow OPERATOR to import devices
 [2m[90mΓåô[39m[22m __tests__/device-sync-api.test.ts[2m > [22mDevice Sync API[2m > [22mPOST /api/mikrotik/sync-devices - Import Devices[2m > [22mInput Validation[2m > [22mshould return 400 when devices is not an array
 [2m[90mΓåô[39m[22m __tests__/device-sync-api.test.ts[2m > [22mDevice Sync API[2m > [22mPOST /api/mikrotik/sync-devices - Import Devices[2m > [22mInput Validation[2m > [22mshould return 400 when devices array is empty
 [2m[90mΓåô[39m[22m __tests__/device-sync-api.test.ts[2m > [22mDevice Sync API[2m > [22mPOST /api/mikrotik/sync-devices - Import Devices[2m > [22mInput Validation[2m > [22mshould return 400 when device is not an object
 [2m[90mΓåô[39m[22m __tests__/device-sync-api.test.ts[2m > [22mDevice Sync API[2m > [22mPOST /api/mikrotik/sync-devices - Import Devices[2m > [22mInput Validation[2m > [22mshould return 400 when device name is missing
 [2m[90mΓåô[39m[22m __tests__/device-sync-api.test.ts[2m > [22mDevice Sync API[2m > [22mPOST /api/mikrotik/sync-devices - Import Devices[2m > [22mInput Validation[2m > [22mshould return 400 when device IP is missing
 [2m[90mΓåô[39m[22m __tests__/device-sync-api.test.ts[2m > [22mDevice Sync API[2m > [22mPOST /api/mikrotik/sync-devices - Import Devices[2m > [22mInput Validation[2m > [22mshould return 400 when device type is invalid
 [2m[90mΓåô[39m[22m __tests__/device-sync-api.test.ts[2m > [22mDevice Sync API[2m > [22mPOST /api/mikrotik/sync-devices - Import Devices[2m > [22mDevice Import - No Duplicates[2m > [22mshould import all devices when no duplicates exist
 [2m[90mΓåô[39m[22m __tests__/device-sync-api.test.ts[2m > [22mDevice Sync API[2m > [22mPOST /api/mikrotik/sync-devices - Import Devices[2m > [22mDevice Import - No Duplicates[2m > [22mshould use default type ROUTER when type is not provided
 [2m[90mΓåô[39m[22m __tests__/device-sync-api.test.ts[2m > [22mDevice Sync API[2m > [22mPOST /api/mikrotik/sync-devices - Import Devices[2m > [22mDevice Import - No Duplicates[2m > [22mshould use default status unknown when status is not provided
 [2m[90mΓåô[39m[22m __tests__/device-sync-api.test.ts[2m > [22mDevice Sync API[2m > [22mPOST /api/mikrotik/sync-devices - Import Devices[2m > [22mDevice Import - Some Duplicates[2m > [22mshould skip duplicate IPs and import only new devices
 [2m[90mΓåô[39m[22m __tests__/device-sync-api.test.ts[2m > [22mDevice Sync API[2m > [22mPOST /api/mikrotik/sync-devices - Import Devices[2m > [22mDevice Import - All Duplicates[2m > [22mshould skip all devices when all are duplicates
 [2m[90mΓåô[39m[22m __tests__/device-creation-mikrotik-sync.test.ts[2m > [22mEnhanced Device Creation with MikroTik Sync - Unit Tests[2m > [22mDevice creation without sync (existing behavior)[2m > [22mshould create device without syncToMikrotik flag
 [2m[90mΓåô[39m[22m __tests__/device-creation-mikrotik-sync.test.ts[2m > [22mEnhanced Device Creation with MikroTik Sync - Unit Tests[2m > [22mDevice creation without sync (existing behavior)[2m > [22mshould create device with syncToMikrotik set to false
 [2m[90mΓåô[39m[22m __tests__/device-creation-mikrotik-sync.test.ts[2m > [22mEnhanced Device Creation with MikroTik Sync - Unit Tests[2m > [22mDevice creation with sync enabled (success)[2m > [22mshould create device and sync to MikroTik successfully
 [2m[90mΓåô[39m[22m __tests__/device-creation-mikrotik-sync.test.ts[2m > [22mEnhanced Device Creation with MikroTik Sync - Unit Tests[2m > [22mDevice creation with sync enabled (success)[2m > [22mshould create device and sync with different device types
 [2m[90mΓåô[39m[22m __tests__/device-creation-mikrotik-sync.test.ts[2m > [22mEnhanced Device Creation with MikroTik Sync - Unit Tests[2m > [22mDevice creation with sync enabled (MikroTik fails, device still created)[2m > [22mshould create device even when MikroTik is not configured
 [2m[90mΓåô[39m[22m __tests__/device-creation-mikrotik-sync.test.ts[2m > [22mEnhanced Device Creation with MikroTik Sync - Unit Tests[2m > [22mDevice creation with sync enabled (MikroTik fails, device still created)[2m > [22mshould create device even when MikroTik connection times out
 [2m[90mΓåô[39m[22m __tests__/device-creation-mikrotik-sync.test.ts[2m > [22mEnhanced Device Creation with MikroTik Sync - Unit Tests[2m > [22mDevice creation with sync enabled (MikroTik fails, device still created)[2m > [22mshould create device even when MikroTik authentication fails
 [2m[90mΓåô[39m[22m __tests__/device-creation-mikrotik-sync.test.ts[2m > [22mEnhanced Device Creation with MikroTik Sync - Unit Tests[2m > [22mDevice creation with sync enabled (MikroTik fails, device still created)[2m > [22mshould create device even when MikroTik connection is refused
 [2m[90mΓåô[39m[22m __tests__/device-creation-mikrotik-sync.test.ts[2m > [22mEnhanced Device Creation with MikroTik Sync - Unit Tests[2m > [22mDevice creation with sync enabled (MikroTik fails, device still created)[2m > [22mshould create device even when MikroTik write operation fails
 [2m[90mΓåô[39m[22m __tests__/device-creation-mikrotik-sync.test.ts[2m > [22mEnhanced Device Creation with MikroTik Sync - Unit Tests[2m > [22mSync option only available for ADMIN/OPERATOR[2m > [22mshould allow ADMIN to create device with sync enabled
 [2m[90mΓåô[39m[22m __tests__/device-creation-mikrotik-sync.test.ts[2m > [22mEnhanced Device Creation with MikroTik Sync - Unit Tests[2m > [22mSync option only available for ADMIN/OPERATOR[2m > [22mshould allow OPERATOR to create device with sync enabled
 [2m[90mΓåô[39m[22m __tests__/device-creation-mikrotik-sync.test.ts[2m > [22mEnhanced Device Creation with MikroTik Sync - Unit Tests[2m > [22mSync option only available for ADMIN/OPERATOR[2m > [22mshould deny VIEWER from creating any device (with or without sync)
 [2m[90mΓåô[39m[22m __tests__/device-creation-mikrotik-sync.test.ts[2m > [22mEnhanced Device Creation with MikroTik Sync - Unit Tests[2m > [22mSync option only available for ADMIN/OPERATOR[2m > [22mshould deny VIEWER from creating device without sync
 [2m[90mΓåô[39m[22m __tests__/config-connection-test.test.ts[2m > [22mConnection Test API[2m > [22mAuthentication and Authorization[2m > [22mshould return 401 when not authenticated
 [2m[90mΓåô[39m[22m __tests__/config-connection-test.test.ts[2m > [22mConnection Test API[2m > [22mAuthentication and Authorization[2m > [22mshould return 403 when user is not ADMIN
 [2m[90mΓåô[39m[22m __tests__/config-connection-test.test.ts[2m > [22mConnection Test API[2m > [22mInput Validation[2m > [22mshould return 400 when mikrotikIp is missing
 [2m[90mΓåô[39m[22m __tests__/config-connection-test.test.ts[2m > [22mConnection Test API[2m > [22mInput Validation[2m > [22mshould return 400 when mikrotikUser is missing
 [2m[90mΓåô[39m[22m __tests__/config-connection-test.test.ts[2m > [22mConnection Test API[2m > [22mInput Validation[2m > [22mshould return 400 when mikrotikPass is missing
 [2m[90mΓåô[39m[22m __tests__/config-connection-test.test.ts[2m > [22mConnection Test API[2m > [22mInput Validation[2m > [22mshould reject invalid IP format
 [2m[90mΓåô[39m[22m __tests__/config-connection-test.test.ts[2m > [22mConnection Test API[2m > [22mInput Validation[2m > [22mshould reject port below valid range
 [2m[90mΓåô[39m[22m __tests__/config-connection-test.test.ts[2m > [22mConnection Test API[2m > [22mInput Validation[2m > [22mshould reject port above valid range
 [2m[90mΓåô[39m[22m __tests__/config-connection-test.test.ts[2m > [22mConnection Test API[2m > [22mConnection Success[2m > [22mshould successfully connect with valid credentials
 [2m[90mΓåô[39m[22m __tests__/config-connection-test.test.ts[2m > [22mConnection Test API[2m > [22mConnection Success[2m > [22mshould use custom port when provided
 [2m[90mΓåô[39m[22m __tests__/config-connection-test.test.ts[2m > [22mConnection Test API[2m > [22mConnection Failures[2m > [22mshould handle connection timeout
 [2m[90mΓåô[39m[22m __tests__/config-connection-test.test.ts[2m > [22mConnection Test API[2m > [22mConnection Failures[2m > [22mshould handle authentication failure
 [2m[90mΓåô[39m[22m __tests__/config-connection-test.test.ts[2m > [22mConnection Test API[2m > [22mConnection Failures[2m > [22mshould handle connection refused
 [2m[90mΓåô[39m[22m __tests__/config-connection-test.test.ts[2m > [22mConnection Test API[2m > [22mConnection Failures[2m > [22mshould handle network unreachable
 [2m[90mΓåô[39m[22m __tests__/config-connection-test.test.ts[2m > [22mConnection Test API[2m > [22mProperty 1: Connection Test Validation[2m > [22mshould reject any invalid IP format before attempting connection
 [2m[90mΓåô[39m[22m __tests__/config-connection-test.test.ts[2m > [22mConnection Test API[2m > [22mProperty 1: Connection Test Validation[2m > [22mshould reject any port out of valid range (1-65535) before attempting connection
 [2m[90mΓåô[39m[22m __tests__/config-connection-test.test.ts[2m > [22mConnection Test API[2m > [22mProperty 1: Connection Test Validation[2m > [22mshould accept valid IP and port combinations
 [2m[90mΓåô[39m[22m __tests__/config-connection-test.test.ts[2m > [22mConnection Test API[2m > [22mProperty 2: Connection Test Timeout[2m > [22mshould complete within 10 seconds or return timeout error for any connection attempt
 [2m[90mΓåô[39m[22m __tests__/config-connection-test.test.ts[2m > [22mConnection Test API[2m > [22mProperty 2: Connection Test Timeout[2m > [22mshould return timeout error when connection takes too long
 [2m[90mΓåô[39m[22m __tests__/poller-unit.test.ts[2m > [22mPoller Unit Tests[2m > [22mSuccessful MikroTik connection[2m > [22mshould successfully connect to MikroTik and retrieve netwatch data
 [2m[90mΓåô[39m[22m __tests__/poller-unit.test.ts[2m > [22mPoller Unit Tests[2m > [22mSuccessful MikroTik connection[2m > [22mshould skip polling when MikroTik is not configured
 [2m[90mΓåô[39m[22m __tests__/poller-unit.test.ts[2m > [22mPoller Unit Tests[2m > [22mStatus update logic[2m > [22mshould update device status when netwatch status changes
 [2m[90mΓåô[39m[22m __tests__/poller-unit.test.ts[2m > [22mPoller Unit Tests[2m > [22mStatus update logic[2m > [22mshould update lastSeen for up devices even when status unchanged
 [2m[90mΓåô[39m[22m __tests__/poller-unit.test.ts[2m > [22mPoller Unit Tests[2m > [22mStatus update logic[2m > [22mshould handle devices not found in netwatch results
 [2m[90mΓåô[39m[22m __tests__/poller-unit.test.ts[2m > [22mPoller Unit Tests[2m > [22mError handling (connection failure)[2m > [22mshould handle connection errors gracefully without crashing
 [2m[90mΓåô[39m[22m __tests__/poller-unit.test.ts[2m > [22mPoller Unit Tests[2m > [22mError handling (connection failure)[2m > [22mshould handle write command errors gracefully
 [2m[90mΓåô[39m[22m __tests__/poller-unit.test.ts[2m > [22mPoller Unit Tests[2m > [22mError handling (connection failure)[2m > [22mshould handle database errors gracefully
 [2m[90mΓåô[39m[22m __tests__/poller-unit.test.ts[2m > [22mPoller Unit Tests[2m > [22mPolling interval configuration[2m > [22mshould use default polling interval when config is missing
 [2m[90mΓåô[39m[22m __tests__/poller-unit.test.ts[2m > [22mPoller Unit Tests[2m > [22mPolling interval configuration[2m > [22mshould use configured polling interval when available
 [2m[90mΓåô[39m[22m __tests__/poller-unit.test.ts[2m > [22mPoller Unit Tests[2m > [22mPolling interval configuration[2m > [22mshould load MikroTik connection credentials from SystemConfig
 [2m[90mΓåô[39m[22m __tests__/device-management-components.test.tsx[2m > [22mDeviceForm Validation[2m > [22mshould show validation error when name is empty
 [2m[90mΓåô[39m[22m __tests__/device-management-components.test.tsx[2m > [22mDeviceForm Validation[2m > [22mshould show validation error when IP is empty
 [2m[90mΓåô[39m[22m __tests__/device-management-components.test.tsx[2m > [22mDeviceForm Validation[2m > [22mshould show validation error for invalid IP format
 [2m[90mΓåô[39m[22m __tests__/device-management-components.test.tsx[2m > [22mDeviceForm Validation[2m > [22mshould show validation error for IP with octets > 255
 [2m[90mΓåô[39m[22m __tests__/device-management-components.test.tsx[2m > [22mDeviceForm Validation[2m > [22mshould show validation error when lane name is empty
 [2m[90mΓåô[39m[22m __tests__/device-management-components.test.tsx[2m > [22mDeviceForm Validation[2m > [22mshould clear validation error when user starts typing
 [2m[90mΓåô[39m[22m __tests__/device-management-components.test.tsx[2m > [22mDeviceForm Validation[2m > [22mshould accept valid form data
 [2m[90mΓåô[39m[22m __tests__/device-management-components.test.tsx[2m > [22mDeviceForm Validation[2m > [22mshould display submit error when API returns error
 [2m[90mΓåô[39m[22m __tests__/device-management-components.test.tsx[2m > [22mDeviceForm Validation[2m > [22mshould show "Update Device" button text when editing
 [2m[90mΓåô[39m[22m __tests__/device-management-components.test.tsx[2m > [22mDeviceForm Validation[2m > [22mshould pre-fill form when editing device
 [2m[90mΓåô[39m[22m __tests__/device-management-components.test.tsx[2m > [22mDeviceTable Rendering[2m > [22mshould render all devices in the table
 [2m[90mΓåô[39m[22m __tests__/device-management-components.test.tsx[2m > [22mDeviceTable Rendering[2m > [22mshould display device IP addresses
 [2m[90mΓåô[39m[22m __tests__/device-management-components.test.tsx[2m > [22mDeviceTable Rendering[2m > [22mshould display lane names
 [2m[90mΓåô[39m[22m __tests__/device-management-components.test.tsx[2m > [22mDeviceTable Rendering[2m > [22mshould display status badges with correct styling
 [2m[90mΓåô[39m[22m __tests__/device-management-components.test.tsx[2m > [22mDeviceTable Rendering[2m > [22mshould display "Never" for devices with no lastSeen
 [2m[90mΓåô[39m[22m __tests__/device-management-components.test.tsx[2m > [22mDeviceTable Rendering[2m > [22mshould display formatted date for devices with lastSeen
 [2m[90mΓåô[39m[22m __tests__/device-management-components.test.tsx[2m > [22mDeviceTable Rendering[2m > [22mshould show empty state when no devices
 [2m[90mΓåô[39m[22m __tests__/device-management-components.test.tsx[2m > [22mDeviceTable Rendering[2m > [22mshould render edit buttons for all devices
 [2m[90mΓåô[39m[22m __tests__/device-management-components.test.tsx[2m > [22mDeviceTable Rendering[2m > [22mshould render delete buttons for all devices
 [2m[90mΓåô[39m[22m __tests__/device-management-components.test.tsx[2m > [22mEdit and Delete Button Visibility[2m > [22mshould show edit and delete buttons in device table
 [2m[90mΓåô[39m[22m __tests__/device-management-components.test.tsx[2m > [22mEdit and Delete Button Visibility[2m > [22mshould open edit modal when edit button is clicked
 [2m[90mΓåô[39m[22m __tests__/device-management-components.test.tsx[2m > [22mEdit and Delete Button Visibility[2m > [22mshould open delete confirmation modal when delete button is clicked
 [2m[90mΓåô[39m[22m __tests__/device-management-components.test.tsx[2m > [22mEdit and Delete Button Visibility[2m > [22mshould close edit modal when cancel is clicked
 [2m[90mΓåô[39m[22m __tests__/device-management-components.test.tsx[2m > [22mEdit and Delete Button Visibility[2m > [22mshould close delete modal when cancel is clicked
 [2m[90mΓåô[39m[22m __tests__/device-management-components.test.tsx[2m > [22mEdit and Delete Button Visibility[2m > [22mshould call DELETE API when delete is confirmed
 [2m[90mΓåô[39m[22m __tests__/device-management-components.test.tsx[2m > [22mEdit and Delete Button Visibility[2m > [22mshould display error message when delete fails
 [2m[90mΓåô[39m[22m __tests__/device-management-components.test.tsx[2m > [22mDevice Type Support[2m > [22mshould support all four device types in form
 [2m[90mΓåô[39m[22m __tests__/device-management-components.test.tsx[2m > [22mDevice Type Support[2m > [22mshould display correct icon for ROUTER type
 [2m[90mΓåô[39m[22m __tests__/device-management-components.test.tsx[2m > [22mDevice Type Support[2m > [22mshould display correct icon for TABLET type
 [2m[90mΓåô[39m[22m __tests__/device-management-components.test.tsx[2m > [22mDevice Type Support[2m > [22mshould display correct icon for SCANNER_GTEX type
 [2m[90mΓåô[39m[22m __tests__/device-management-components.test.tsx[2m > [22mDevice Type Support[2m > [22mshould display correct icon for SMART_TV type
 [2m[90mΓåô[39m[22m __tests__/device-move-endpoint.test.ts[2m > [22mPOST /api/device/move endpoint[2m > [22mshould require authentication
 [2m[90mΓåô[39m[22m __tests__/device-move-endpoint.test.ts[2m > [22mPOST /api/device/move endpoint[2m > [22mshould deny access for VIEWER role
 [2m[90mΓåô[39m[22m __tests__/device-move-endpoint.test.ts[2m > [22mPOST /api/device/move endpoint[2m > [22mshould allow access for ADMIN role
 [2m[90mΓåô[39m[22m __tests__/device-move-endpoint.test.ts[2m > [22mPOST /api/device/move endpoint[2m > [22mshould allow access for OPERATOR role
 [2m[90mΓåô[39m[22m __tests__/device-move-endpoint.test.ts[2m > [22mPOST /api/device/move endpoint[2m > [22mshould return 404 for non-existent device
 [2m[90mΓåô[39m[22m __tests__/device-move-endpoint.test.ts[2m > [22mPOST /api/device/move endpoint[2m > [22mshould return 400 when deviceId is missing
 [2m[90mΓåô[39m[22m __tests__/device-move-endpoint.test.ts[2m > [22mPOST /api/device/move endpoint[2m > [22mshould return 400 when positionX is missing
 [2m[90mΓåô[39m[22m __tests__/device-move-endpoint.test.ts[2m > [22mPOST /api/device/move endpoint[2m > [22mshould return 400 when positionY is missing
 [2m[90mΓåô[39m[22m __tests__/device-move-endpoint.test.ts[2m > [22mPOST /api/device/move endpoint[2m > [22mshould return 400 when deviceId is not a string
 [2m[90mΓåô[39m[22m __tests__/device-move-endpoint.test.ts[2m > [22mPOST /api/device/move endpoint[2m > [22mshould return 400 when positionX is not a number
 [2m[90mΓåô[39m[22m __tests__/device-move-endpoint.test.ts[2m > [22mPOST /api/device/move endpoint[2m > [22mshould return 400 when positionY is not a number
 [2m[90mΓåô[39m[22m __tests__/device-move-endpoint.test.ts[2m > [22mPOST /api/device/move endpoint[2m > [22mshould update device position to positive coordinates
 [2m[90mΓåô[39m[22m __tests__/device-move-endpoint.test.ts[2m > [22mPOST /api/device/move endpoint[2m > [22mshould update device position to negative coordinates
 [2m[90mΓåô[39m[22m __tests__/device-move-endpoint.test.ts[2m > [22mPOST /api/device/move endpoint[2m > [22mshould update device position to zero coordinates
 [2m[90mΓåô[39m[22m __tests__/device-move-endpoint.test.ts[2m > [22mPOST /api/device/move endpoint[2m > [22mshould handle decimal coordinates
 [2m[90mΓåô[39m[22m __tests__/device-move-endpoint.test.ts[2m > [22mPOST /api/device/move endpoint[2m > [22mshould not modify other device fields when updating position
 [2m[90mΓåô[39m[22m __tests__/config-form.test.tsx[2m > [22mSystemConfigPage[2m > [22mAccess Control[2m > [22mredirects unauthenticated users to login
 [2m[90mΓåô[39m[22m __tests__/config-form.test.tsx[2m > [22mSystemConfigPage[2m > [22mAccess Control[2m > [22mredirects non-ADMIN users to map page
 [2m[90mΓåô[39m[22m __tests__/config-form.test.tsx[2m > [22mSystemConfigPage[2m > [22mAccess Control[2m > [22mallows ADMIN users to access the page
 [2m[90mΓåô[39m[22m __tests__/config-form.test.tsx[2m > [22mSystemConfigPage[2m > [22mForm Validation[2m > [22mvalidates polling interval is positive integer
 [2m[90mΓåô[39m[22m __tests__/config-form.test.tsx[2m > [22mSystemConfigPage[2m > [22mForm Validation[2m > [22mvalidates port range
 [2m[90mΓåô[39m[22m __tests__/config-form.test.tsx[2m > [22mSystemConfigPage[2m > [22mForm Validation[2m > [22mclears validation errors when field is corrected
 [2m[90mΓåô[39m[22m __tests__/config-form.test.tsx[2m > [22mSystemConfigPage[2m > [22mForm Submission[2m > [22msuccessfully updates configuration
 [2m[90mΓåô[39m[22m __tests__/config-form.test.tsx[2m > [22mSystemConfigPage[2m > [22mForm Submission[2m > [22mhandles API errors gracefully
 [2m[90mΓåô[39m[22m __tests__/config-form.test.tsx[2m > [22mSystemConfigPage[2m > [22mForm Submission[2m > [22mshows loading state during submission
 [2m[90mΓåô[39m[22m __tests__/config-form.test.tsx[2m > [22mSystemConfigPage[2m > [22mData Loading[2m > [22mshows loading state initially
 [2m[90mΓåô[39m[22m __tests__/config-form.test.tsx[2m > [22mSystemConfigPage[2m > [22mData Loading[2m > [22mhandles fetch errors gracefully
 [2m[90mΓåô[39m[22m __tests__/device-update-endpoint.test.ts[2m > [22mPUT /api/devices/[id] endpoint[2m > [22mshould require authentication
 [2m[90mΓåô[39m[22m __tests__/device-update-endpoint.test.ts[2m > [22mPUT /api/devices/[id] endpoint[2m > [22mshould deny access for VIEWER role
 [2m[90mΓåô[39m[22m __tests__/device-update-endpoint.test.ts[2m > [22mPUT /api/devices/[id] endpoint[2m > [22mshould allow access for ADMIN role
 [2m[90mΓåô[39m[22m __tests__/device-update-endpoint.test.ts[2m > [22mPUT /api/devices/[id] endpoint[2m > [22mshould allow access for OPERATOR role
 [2m[90mΓåô[39m[22m __tests__/device-update-endpoint.test.ts[2m > [22mPUT /api/devices/[id] endpoint[2m > [22mshould return 404 for non-existent device
 [2m[90mΓåô[39m[22m __tests__/device-update-endpoint.test.ts[2m > [22mPUT /api/devices/[id] endpoint[2m > [22mshould update device name
 [2m[90mΓåô[39m[22m __tests__/device-update-endpoint.test.ts[2m > [22mPUT /api/devices/[id] endpoint[2m > [22mshould update device IP
 [2m[90mΓåô[39m[22m __tests__/device-update-endpoint.test.ts[2m > [22mPUT /api/devices/[id] endpoint[2m > [22mshould reject duplicate IP address
 [2m[90mΓåô[39m[22m __tests__/device-update-endpoint.test.ts[2m > [22mPUT /api/devices/[id] endpoint[2m > [22mshould allow updating to same IP (no change)
 [2m[90mΓåô[39m[22m __tests__/device-update-endpoint.test.ts[2m > [22mPUT /api/devices/[id] endpoint[2m > [22mshould update device type
 [2m[90mΓåô[39m[22m __tests__/device-update-endpoint.test.ts[2m > [22mPUT /api/devices/[id] endpoint[2m > [22mshould reject invalid device type
 [2m[90mΓåô[39m[22m __tests__/device-update-endpoint.test.ts[2m > [22mPUT /api/devices/[id] endpoint[2m > [22mshould update laneName
 [2m[90mΓåô[39m[22m __tests__/device-update-endpoint.test.ts[2m > [22mPUT /api/devices/[id] endpoint[2m > [22mshould update multiple fields at once
 [2m[90mΓåô[39m[22m __tests__/device-update-endpoint.test.ts[2m > [22mPUT /api/devices/[id] endpoint[2m > [22mshould not modify fields that are not provided
 [2m[90mΓåô[39m[22m __tests__/device-import-summary-accuracy.test.ts[2m > [22mDevice Import Summary Accuracy Property Test[2m > [22mProperty 6: Import Summary Accuracy[2m > [22mshould report exactly (N-M) imported and M skipped for N devices with M duplicates
 [2m[90mΓåô[39m[22m __tests__/device-import-summary-accuracy.test.ts[2m > [22mDevice Import Summary Accuracy Property Test[2m > [22mProperty 6: Import Summary Accuracy[2m > [22mshould accurately count duplicates across multiple import operations
 [2m[90mΓåô[39m[22m __tests__/device-import-summary-accuracy.test.ts[2m > [22mDevice Import Summary Accuracy Property Test[2m > [22mProperty 6: Import Summary Accuracy[2m > [22mshould handle edge case: all devices are duplicates (M = N)
 [2m[90mΓåô[39m[22m __tests__/device-import-summary-accuracy.test.ts[2m > [22mDevice Import Summary Accuracy Property Test[2m > [22mProperty 6: Import Summary Accuracy[2m > [22mshould handle edge case: no duplicates (M = 0)
 [2m[90mΓåô[39m[22m __tests__/device-import-summary-accuracy.test.ts[2m > [22mDevice Import Summary Accuracy Property Test[2m > [22mProperty 6: Import Summary Accuracy[2m > [22mshould maintain accuracy invariant: imported + skipped = total devices
 [2m[90mΓåô[39m[22m __tests__/device-sync-mode-persistence.test.ts[2m > [22mDevice Sync Mode Database Persistence Property Test[2m > [22mProperty 8: Sync Mode Database Persistence[2m > [22mshould persist device to database even when MikroTik sync fails
 [2m[90mΓåô[39m[22m __tests__/device-sync-mode-persistence.test.ts[2m > [22mDevice Sync Mode Database Persistence Property Test[2m > [22mProperty 8: Sync Mode Database Persistence[2m > [22mshould persist device when MikroTik is not configured
 [2m[90mΓåô[39m[22m __tests__/device-sync-mode-persistence.test.ts[2m > [22mDevice Sync Mode Database Persistence Property Test[2m > [22mProperty 8: Sync Mode Database Persistence[2m > [22mshould persist device when MikroTik connection times out
 [2m[90mΓåô[39m[22m __tests__/device-sync-mode-persistence.test.ts[2m > [22mDevice Sync Mode Database Persistence Property Test[2m > [22mProperty 8: Sync Mode Database Persistence[2m > [22mshould persist device when MikroTik authentication fails
 [2m[90mΓåô[39m[22m __tests__/layout-components.test.tsx[2m > [22mSidebar Component[2m > [22mRole-based Navigation Links[2m > [22mshould show all links for ADMIN role
 [2m[90mΓåô[39m[22m __tests__/layout-components.test.tsx[2m > [22mSidebar Component[2m > [22mRole-based Navigation Links[2m > [22mshould show Map, Devices, and Profile for OPERATOR role
 [2m[90mΓåô[39m[22m __tests__/layout-components.test.tsx[2m > [22mSidebar Component[2m > [22mRole-based Navigation Links[2m > [22mshould show only Map and Profile for VIEWER role
 [2m[90mΓåô[39m[22m __tests__/layout-components.test.tsx[2m > [22mSidebar Component[2m > [22mRole-based Navigation Links[2m > [22mshould default to VIEWER role when role is not provided
 [2m[90mΓåô[39m[22m __tests__/layout-components.test.tsx[2m > [22mSidebar Component[2m > [22mActive Route Highlighting[2m > [22mshould highlight the active route
 [2m[90mΓåô[39m[22m __tests__/layout-components.test.tsx[2m > [22mSidebar Component[2m > [22mActive Route Highlighting[2m > [22mshould not highlight inactive routes
 [2m[90mΓåô[39m[22m __tests__/layout-components.test.tsx[2m > [22mSidebar Component[2m > [22mActive Route Highlighting[2m > [22mshould highlight devices route when active
 [2m[90mΓåô[39m[22m __tests__/layout-components.test.tsx[2m > [22mSidebar Component[2m > [22mActive Route Highlighting[2m > [22mshould highlight config route when active
 [2m[90mΓåô[39m[22m __tests__/layout-components.test.tsx[2m > [22mSidebar Component[2m > [22mActive Route Highlighting[2m > [22mshould highlight profile route when active
 [2m[90mΓåô[39m[22m __tests__/layout-components.test.tsx[2m > [22mSidebar Component[2m > [22mUser Information Display[2m > [22mshould display user name
 [2m[90mΓåô[39m[22m __tests__/layout-components.test.tsx[2m > [22mSidebar Component[2m > [22mUser Information Display[2m > [22mshould display user role
 [2m[90mΓåô[39m[22m __tests__/layout-components.test.tsx[2m > [22mSidebar Component[2m > [22mUser Information Display[2m > [22mshould default to "User" when name is not provided
 [2m[90mΓåô[39m[22m __tests__/layout-components.test.tsx[2m > [22mSidebar Component[2m > [22mUser Information Display[2m > [22mshould default to "VIEWER" when role is not provided
 [2m[90mΓåô[39m[22m __tests__/layout-components.test.tsx[2m > [22mSidebar Component[2m > [22mLogout Functionality[2m > [22mshould render logout button
 [2m[90mΓåô[39m[22m __tests__/layout-components.test.tsx[2m > [22mSidebar Component[2m > [22mLogout Functionality[2m > [22mshould call signOut when logout button is clicked
 [2m[90mΓåô[39m[22m __tests__/layout-components.test.tsx[2m > [22mSidebar Component[2m > [22mLogout Functionality[2m > [22mshould have correct styling for logout button
 [2m[90mΓåô[39m[22m __tests__/layout-components.test.tsx[2m > [22mSidebar Component[2m > [22mNavigation Links[2m > [22mshould have correct href for Map link
 [2m[90mΓåô[39m[22m __tests__/layout-components.test.tsx[2m > [22mSidebar Component[2m > [22mNavigation Links[2m > [22mshould have correct href for Devices link
 [2m[90mΓåô[39m[22m __tests__/layout-components.test.tsx[2m > [22mSidebar Component[2m > [22mNavigation Links[2m > [22mshould have correct href for Config link
 [2m[90mΓåô[39m[22m __tests__/layout-components.test.tsx[2m > [22mSidebar Component[2m > [22mNavigation Links[2m > [22mshould have correct href for Profile link
 [2m[90mΓåô[39m[22m __tests__/layout-components.test.tsx[2m > [22mSidebar Component[2m > [22mComponent Structure[2m > [22mshould render the dashboard title
 [2m[90mΓåô[39m[22m __tests__/layout-components.test.tsx[2m > [22mSidebar Component[2m > [22mComponent Structure[2m > [22mshould have proper CSS classes for layout
 [2m[90mΓåô[39m[22m __tests__/layout-components.test.tsx[2m > [22mSidebar Component[2m > [22mComponent Structure[2m > [22mshould render user avatar placeholder
 [2m[90mΓåô[39m[22m __tests__/layout-components.test.tsx[2m > [22mSidebar Component[2m > [22mIcon Rendering[2m > [22mshould render icons for all navigation items
 [2m[90mΓåô[39m[22m __tests__/layout-components.test.tsx[2m > [22mSidebar Component[2m > [22mIcon Rendering[2m > [22mshould render logout icon
 [2m[90mΓåô[39m[22m __tests__/profile-form.test.tsx[2m > [22mProfilePage[2m > [22mrenders profile information and password form
 [2m[90mΓåô[39m[22m __tests__/profile-form.test.tsx[2m > [22mProfilePage[2m > [22mvalidates required fields
 [2m[90mΓåô[39m[22m __tests__/profile-form.test.tsx[2m > [22mProfilePage[2m > [22mvalidates new password length
 [2m[90mΓåô[39m[22m __tests__/profile-form.test.tsx[2m > [22mProfilePage[2m > [22mvalidates password confirmation match
 [2m[90mΓåô[39m[22m __tests__/profile-form.test.tsx[2m > [22mProfilePage[2m > [22msubmits form with valid data
 [2m[90mΓåô[39m[22m __tests__/profile-form.test.tsx[2m > [22mProfilePage[2m > [22mhandles invalid current password error
 [2m[90mΓåô[39m[22m __tests__/profile-form.test.tsx[2m > [22mProfilePage[2m > [22mhandles general server error
 [2m[90mΓåô[39m[22m __tests__/profile-form.test.tsx[2m > [22mProfilePage[2m > [22mhandles network error
 [2m[90mΓåô[39m[22m __tests__/profile-form.test.tsx[2m > [22mProfilePage[2m > [22mclears field errors when user starts typing
 [2m[90mΓåô[39m[22m __tests__/profile-form.test.tsx[2m > [22mProfilePage[2m > [22mdisables form during submission
 [2m[90mΓåô[39m[22m __tests__/device-sync-ip-uniqueness.test.ts[2m > [22mDevice Sync IP Uniqueness Property Test[2m > [22mProperty 3: Device Sync IP Uniqueness[2m > [22mshould skip devices with duplicate IPs and include them in skipped count
 [2m[90mΓåô[39m[22m __tests__/device-sync-ip-uniqueness.test.ts[2m > [22mDevice Sync IP Uniqueness Property Test[2m > [22mProperty 3: Device Sync IP Uniqueness[2m > [22mshould handle mixed scenario with some new and some duplicate IPs
 [2m[90mΓåô[39m[22m __tests__/device-sync-ip-uniqueness.test.ts[2m > [22mDevice Sync IP Uniqueness Property Test[2m > [22mProperty 3: Device Sync IP Uniqueness[2m > [22mshould preserve existing device data when skipping duplicates
 [2m[90mΓåô[39m[22m __tests__/map-components.test.tsx[2m > [22mMap Components Unit Tests[2m > [22mDeviceNode Icon Rendering[2m > [22mshould render Router icon for ROUTER device type
 [2m[90mΓåô[39m[22m __tests__/map-components.test.tsx[2m > [22mMap Components Unit Tests[2m > [22mDeviceNode Icon Rendering[2m > [22mshould render Tablet icon for TABLET device type
 [2m[90mΓåô[39m[22m __tests__/map-components.test.tsx[2m > [22mMap Components Unit Tests[2m > [22mDeviceNode Icon Rendering[2m > [22mshould render ScanBarcode icon for SCANNER_GTEX device type
 [2m[90mΓåô[39m[22m __tests__/map-components.test.tsx[2m > [22mMap Components Unit Tests[2m > [22mDeviceNode Icon Rendering[2m > [22mshould render Tv icon for SMART_TV device type
 [2m[90mΓåô[39m[22m __tests__/map-components.test.tsx[2m > [22mMap Components Unit Tests[2m > [22mDeviceNode Status Styling[2m > [22mshould apply green border for UP status
 [2m[90mΓåô[39m[22m __tests__/map-components.test.tsx[2m > [22mMap Components Unit Tests[2m > [22mDeviceNode Status Styling[2m > [22mshould apply red border and pulse animation for DOWN status
 [2m[90mΓåô[39m[22m __tests__/map-components.test.tsx[2m > [22mMap Components Unit Tests[2m > [22mDeviceNode Status Styling[2m > [22mshould apply gray border for UNKNOWN status
 [2m[90mΓåô[39m[22m __tests__/map-components.test.tsx[2m > [22mMap Components Unit Tests[2m > [22mDeviceNode Status Styling[2m > [22mshould apply green icon color for UP status
 [2m[90mΓåô[39m[22m __tests__/map-components.test.tsx[2m > [22mMap Components Unit Tests[2m > [22mDeviceNode Status Styling[2m > [22mshould apply red icon color for DOWN status
 [2m[90mΓåô[39m[22m __tests__/map-components.test.tsx[2m > [22mMap Components Unit Tests[2m > [22mMap Drag Permission[2m > [22mshould disable dragging for VIEWER role
 [2m[90mΓåô[39m[22m __tests__/map-components.test.tsx[2m > [22mMap Components Unit Tests[2m > [22mMap Drag Permission[2m > [22mshould enable dragging for ADMIN role
 [2m[90mΓåô[39m[22m __tests__/map-components.test.tsx[2m > [22mMap Components Unit Tests[2m > [22mMap Drag Permission[2m > [22mshould enable dragging for OPERATOR role
 [2m[90mΓåô[39m[22m __tests__/config-profile-endpoints.test.ts[2m > [22mConfig and Profile Endpoints[2m > [22mConfig Endpoints[2m > [22mshould allow ADMIN to update config
 [2m[90mΓåô[39m[22m __tests__/config-profile-endpoints.test.ts[2m > [22mConfig and Profile Endpoints[2m > [22mConfig Endpoints[2m > [22mshould deny config access for non-ADMIN
 [2m[90mΓåô[39m[22m __tests__/config-profile-endpoints.test.ts[2m > [22mConfig and Profile Endpoints[2m > [22mProfile Password Endpoint[2m > [22mshould change password with valid current password
 [2m[90mΓåô[39m[22m __tests__/config-profile-endpoints.test.ts[2m > [22mConfig and Profile Endpoints[2m > [22mProfile Password Endpoint[2m > [22mshould reject password change with invalid current password
 [2m[90mΓåô[39m[22m __tests__/api-authorization.test.ts[2m > [22mAPI Authorization Property Test[2m > [22mProperty 11: API authorization - For any API endpoint requiring ADMIN or OPERATOR role, requests from users with VIEWER role must return a 403 Forbidden response
 [2m[90mΓåô[39m[22m __tests__/api-authorization.test.ts[2m > [22mAPI Authorization Property Test[2m > [22mVIEWER cannot create devices via POST /api/devices
 [2m[90mΓåô[39m[22m __tests__/api-authorization.test.ts[2m > [22mAPI Authorization Property Test[2m > [22mVIEWER cannot update devices via PUT /api/devices/[id]
 [2m[90mΓåô[39m[22m __tests__/api-authorization.test.ts[2m > [22mAPI Authorization Property Test[2m > [22mVIEWER cannot delete devices via DELETE /api/devices/[id]
 [2m[90mΓåô[39m[22m __tests__/api-authorization.test.ts[2m > [22mAPI Authorization Property Test[2m > [22mVIEWER cannot move devices via POST /api/device/move
 [2m[90mΓåô[39m[22m __tests__/api-authorization.test.ts[2m > [22mAPI Authorization Property Test[2m > [22mOPERATOR can create devices via POST /api/devices
 [2m[90mΓåô[39m[22m __tests__/api-authorization.test.ts[2m > [22mAPI Authorization Property Test[2m > [22mOPERATOR can update devices via PUT /api/devices/[id]
 [2m[90mΓåô[39m[22m __tests__/api-authorization.test.ts[2m > [22mAPI Authorization Property Test[2m > [22mOPERATOR can delete devices via DELETE /api/devices/[id]
 [2m[90mΓåô[39m[22m __tests__/api-authorization.test.ts[2m > [22mAPI Authorization Property Test[2m > [22mOPERATOR can move devices via POST /api/device/move
 [2m[90mΓåô[39m[22m __tests__/api-authorization.test.ts[2m > [22mAPI Authorization Property Test[2m > [22mADMIN can create devices via POST /api/devices
 [2m[90mΓåô[39m[22m __tests__/api-authorization.test.ts[2m > [22mAPI Authorization Property Test[2m > [22mADMIN can update devices via PUT /api/devices/[id]
 [2m[90mΓåô[39m[22m __tests__/api-authorization.test.ts[2m > [22mAPI Authorization Property Test[2m > [22mADMIN can delete devices via DELETE /api/devices/[id]
 [2m[90mΓåô[39m[22m __tests__/api-authorization.test.ts[2m > [22mAPI Authorization Property Test[2m > [22mADMIN can move devices via POST /api/device/move
 [2m[90mΓåô[39m[22m __tests__/poller-resilience.test.ts[2m > [22mPoller Resilience Property Test[2m > [22mProperty 10: Poller resilience - For any MikroTik connection failure, the poller process must continue running and attempt reconnection on the next polling cycle without crashing
 [2m[90mΓåô[39m[22m __tests__/poller-resilience.test.ts[2m > [22mPoller Resilience Property Test[2m > [22mProperty 10b: Poller error handling - For any error during polling, the system should log the error and continue without terminating the process
 [2m[90mΓåô[39m[22m __tests__/device-delete-endpoint.test.ts[2m > [22mDELETE /api/devices/[id] endpoint[2m > [22mshould require authentication
 [2m[90mΓåô[39m[22m __tests__/device-delete-endpoint.test.ts[2m > [22mDELETE /api/devices/[id] endpoint[2m > [22mshould deny access for VIEWER role
 [2m[90mΓåô[39m[22m __tests__/device-delete-endpoint.test.ts[2m > [22mDELETE /api/devices/[id] endpoint[2m > [22mshould allow access for ADMIN role
 [2m[90mΓåô[39m[22m __tests__/device-delete-endpoint.test.ts[2m > [22mDELETE /api/devices/[id] endpoint[2m > [22mshould allow access for OPERATOR role
 [2m[90mΓåô[39m[22m __tests__/device-delete-endpoint.test.ts[2m > [22mDELETE /api/devices/[id] endpoint[2m > [22mshould return 404 for non-existent device
 [2m[90mΓåô[39m[22m __tests__/device-delete-endpoint.test.ts[2m > [22mDELETE /api/devices/[id] endpoint[2m > [22mshould successfully delete device from database
 [2m[90mΓåô[39m[22m __tests__/database-schema.test.ts[2m > [22mDatabase Schema Properties[2m > [22mProperty 12: Configuration singleton - validates singleton pattern logic
 [2m[90mΓåô[39m[22m __tests__/database-schema.test.ts[2m > [22mDatabase Schema Properties[2m > [22mProperty 12 (variant): Singleton pattern ensures only one configuration exists
 [2m[90mΓåô[39m[22m __tests__/database-schema.test.ts[2m > [22mDatabase Schema Properties[2m > [22mProperty 12 (database constraint): SystemConfig schema enforces singleton with id=1
 [2m[90mΓåô[39m[22m __tests__/device-status-update.test.ts[2m > [22mDevice Status Update Property Test[2m > [22mProperty 9: Device status update on change - For any device, when the MikroTik Netwatch status changes from "up" to "down" or vice versa, the database status field must be updated to reflect the new status
 [2m[90mΓåô[39m[22m __tests__/auth-route-access.test.ts[2m > [22mAuthentication - Role-based Route Access[2m > [22mProperty 1: Role-based route access enforcement - For any authenticated user with role VIEWER, attempting to access management or admin routes should result in denial
 [2m[90mΓåô[39m[22m __tests__/auth-route-access.test.ts[2m > [22mAuthentication - Role-based Route Access[2m > [22mVIEWER cannot access admin routes
 [2m[90mΓåô[39m[22m __tests__/auth-route-access.test.ts[2m > [22mAuthentication - Role-based Route Access[2m > [22mVIEWER cannot access management routes
 [2m[90mΓåô[39m[22m __tests__/auth-route-access.test.ts[2m > [22mAuthentication - Role-based Route Access[2m > [22mVIEWER can access map and profile
 [2m[90mΓåô[39m[22m __tests__/auth-route-access.test.ts[2m > [22mAuthentication - Role-based Route Access[2m > [22mOPERATOR cannot access admin routes
 [2m[90mΓåô[39m[22m __tests__/auth-route-access.test.ts[2m > [22mAuthentication - Role-based Route Access[2m > [22mOPERATOR can access management routes
 [2m[90mΓåô[39m[22m __tests__/auth-route-access.test.ts[2m > [22mAuthentication - Role-based Route Access[2m > [22mOPERATOR can access map and profile
 [2m[90mΓåô[39m[22m __tests__/auth-route-access.test.ts[2m > [22mAuthentication - Role-based Route Access[2m > [22mADMIN can access all routes
 [2m[90mΓåô[39m[22m __tests__/device-position-persistence.test.ts[2m > [22mDevice Position Persistence Property Test[2m > [22mProperty 5: Position persistence - For any device, after updating its position coordinates (positionX, positionY) in the database, retrieving the device should return the same coordinates
 [2m[90mΓåô[39m[22m __tests__/auth-session-role.test.ts[2m > [22mAuthentication - Session Role Inclusion[2m > [22mProperty 8: Session role inclusion - For any authenticated session, the session object must contain the user role
 [2m[90mΓåô[39m[22m __tests__/device-status-visual.test.tsx[2m > [22mDevice Status Visual Indication Property Test[2m > [22mProperty 4: Status visual indication - For any device with status "down", the node must be rendered with red color and pulsing animation
 [2m[90mΓåô[39m[22m __tests__/device-icon-mapping.test.tsx[2m > [22mDevice Icon Mapping Property Test[2m > [22mProperty 3: Device type icon mapping consistency - For any device displayed on the map, the rendered icon must correspond to its device type
 [2m[90mΓåô[39m[22m __tests__/auth-password-hashing.test.ts[2m > [22mAuthentication - Password Hashing[2m > [22mProperty 7: Password hashing - For any user password stored in the database, it must be a bcrypt hash, not plaintext
 [2m[90mΓåô[39m[22m __tests__/config-polling-interval.test.ts[2m > [22mPolling Interval Configuration Property Test[2m > [22mProperty 15: Polling interval configuration - For any valid polling interval value (positive integer), updating the SystemConfig should persist the new value
 [2m[90mΓåô[39m[22m __tests__/device-ip-uniqueness.test.ts[2m > [22mDevice IP Uniqueness Property Test[2m > [22mProperty 2: IP address uniqueness - For any two devices in the system, their IP addresses must be distinct
 [2m[90mΓåô[39m[22m __tests__/device-creation-defaults.test.ts[2m > [22mDevice Creation Defaults Property Test[2m > [22mProperty 14: Device creation with defaults - For any newly created device, if position coordinates are not specified, they must default to (0, 0) and status must default to "unknown"
 [2m[90mΓåô[39m[22m __tests__/device-status-refresh.test.ts[2m > [22mProperty 13: Client-side status refresh[2m > [22mshould refresh device status at intervals not exceeding 5 seconds
 [2m[90mΓåô[39m[22m __tests__/device-drag-permission.test.tsx[2m > [22mProperty 6: Drag permission enforcement[2m > [22mshould disable dragging for VIEWER role and enable for ADMIN/OPERATOR

[31mΓÄ»ΓÄ»ΓÄ»ΓÄ»ΓÄ»ΓÄ»[1m[7m Failed Suites 36 [27m[22mΓÄ»ΓÄ»ΓÄ»ΓÄ»
ΓÄ»ΓÄ»[39m

[31m[1m[7m FAIL [27m[22m[39m __tests__/api-authorization.test.ts
[2m [ __tests__/api-authorization.test.ts ][22m
[31m[1m[7m FAIL [27m[22m[39m __tests__/auth-password-hashing.test
.ts[2m [ __tests__/auth-password-hashing.test.ts ][22m
[31m[1m[7m FAIL [27m[22m[39m __tests__/auth-route-access.test.ts
[2m [ __tests__/auth-route-access.test.ts ][22m
[31m[1m[7m FAIL [27m[22m[39m __tests__/auth-session-role.test.ts
[2m [ __tests__/auth-session-role.test.ts ][22m
[31m[1m[7m FAIL [27m[22m[39m __tests__/config-connection-test.tes
t.ts[2m [ __tests__/config-connection-test.test.ts ][22m
[31m[1m[7m FAIL [27m[22m[39m __tests__/config-form.test.tsx[2m [
 __tests__/config-form.test.tsx ][22m
[31m[1m[7m FAIL [27m[22m[39m __tests__/config-polling-interval.te
st.ts[2m [ __tests__/config-polling-interval.test.ts ][22m
[31m[1m[7m FAIL [27m[22m[39m __tests__/config-profile-endpoints.t
est.ts[2m [ __tests__/config-profile-endpoints.test.ts ][22m
[31m[1m[7m FAIL [27m[22m[39m __tests__/database-schema.test.ts[2
m [ __tests__/database-schema.test.ts ][22m
[31m[1m[7m FAIL [27m[22m[39m __tests__/device-api-endpoints.test.
ts[2m [ __tests__/device-api-endpoints.test.ts ][22m
[31m[1m[7m FAIL [27m[22m[39m __tests__/device-creation-defaults.t
est.ts[2m [ __tests__/device-creation-defaults.test.ts ][22m
[31m[1m[7m FAIL [27m[22m[39m __tests__/device-creation-mikrotik-s
ync.test.ts[2m [ __tests__/device-creation-mikrotik-sync.test.ts ][22
m
[31m[1m[7m FAIL [27m[22m[39m __tests__/device-delete-endpoint.tes
t.ts[2m [ __tests__/device-delete-endpoint.test.ts ][22m
[31m[1m[7m FAIL [27m[22m[39m __tests__/device-drag-permission.tes
t.tsx[2m [ __tests__/device-drag-permission.test.tsx ][22m
[31m[1m[7m FAIL [27m[22m[39m __tests__/device-icon-mapping.test.t
sx[2m [ __tests__/device-icon-mapping.test.tsx ][22m
[31m[1m[7m FAIL [27m[22m[39m __tests__/device-import-summary-accu
racy.test.ts[2m [ __tests__/device-import-summary-accuracy.test.ts ][
22m
[31m[1m[7m FAIL [27m[22m[39m __tests__/device-ip-uniqueness.test.
ts[2m [ __tests__/device-ip-uniqueness.test.ts ][22m
[31m[1m[7m FAIL [27m[22m[39m __tests__/device-management-componen
ts.test.tsx[2m [ __tests__/device-management-components.test.tsx ][22
m
[31m[1m[7m FAIL [27m[22m[39m __tests__/device-move-endpoint.test.
ts[2m [ __tests__/device-move-endpoint.test.ts ][22m
[31m[1m[7m FAIL [27m[22m[39m __tests__/device-position-persistenc
e.test.ts[2m [ __tests__/device-position-persistence.test.ts ][22m
[31m[1m[7m FAIL [27m[22m[39m __tests__/device-status-refresh.test
.ts[2m [ __tests__/device-status-refresh.test.ts ][22m
[31m[1m[7m FAIL [27m[22m[39m __tests__/device-status-update.test.
ts[2m [ __tests__/device-status-update.test.ts ][22m
[31m[1m[7m FAIL [27m[22m[39m __tests__/device-status-visual.test.
tsx[2m [ __tests__/device-status-visual.test.tsx ][22m
[31m[1m[7m FAIL [27m[22m[39m __tests__/device-sync-api.test.ts[2
m [ __tests__/device-sync-api.test.ts ][22m
[31m[1m[7m FAIL [27m[22m[39m __tests__/device-sync-ip-uniqueness.
test.ts[2m [ __tests__/device-sync-ip-uniqueness.test.ts ][22m
[31m[1m[7m FAIL [27m[22m[39m __tests__/device-sync-mode-persisten
ce.test.ts[2m [ __tests__/device-sync-mode-persistence.test.ts ][22m
[31m[1m[7m FAIL [27m[22m[39m __tests__/device-update-endpoint.tes
t.ts[2m [ __tests__/device-update-endpoint.test.ts ][22m
[31m[1m[7m FAIL [27m[22m[39m __tests__/end-to-end.test.tsx[2m [ 
__tests__/end-to-end.test.tsx ][22m
[31m[1m[7m FAIL [27m[22m[39m __tests__/error-handling-verificatio
n.test.ts[2m [ __tests__/error-handling-verification.test.ts ][22m
[31m[1m[7m FAIL [27m[22m[39m __tests__/integration.test.ts[2m [ 
__tests__/integration.test.ts ][22m
[31m[1m[7m FAIL [27m[22m[39m __tests__/layout-components.test.tsx
[2m [ __tests__/layout-components.test.tsx ][22m
[31m[1m[7m FAIL [27m[22m[39m __tests__/map-components.test.tsx[2
m [ __tests__/map-components.test.tsx ][22m
[31m[1m[7m FAIL [27m[22m[39m __tests__/poller-resilience.test.ts
[2m [ __tests__/poller-resilience.test.ts ][22m
[31m[1m[7m FAIL [27m[22m[39m __tests__/poller-unit.test.ts[2m [ 
__tests__/poller-unit.test.ts ][22m
[31m[1m[7m FAIL [27m[22m[39m __tests__/profile-form.test.tsx[2m 
[ __tests__/profile-form.test.tsx ][22m
[31m[1m[7m FAIL [27m[22m[39m __tests__/visual-regression.test.tsx
[2m [ __tests__/visual-regression.test.tsx ][22m
[31m[1mTypeError[22m: 'process.env' only accepts a configurable, wri
table, and enumerable data descriptor[39m
[36m [2mΓ¥»[22m __tests__/setup.ts:[2m14:10[22m[39m
    [90m 12| [39m[34mbeforeAll[39m([35masync[39m () [33m=>[39m 
{
    [90m 13| [39m  [90m// Set test environment[39m
    [90m 14| [39m  [33mObject[39m[33m.[39m[34mdefineProperty[39
m(process[33m.[39menv[33m,[39m [32m'NODE_ENV'[39m[33m,[39m {
    [90m   | [39m         [31m^[39m
    [90m 15| [39m    value[33m:[39m [32m'test'[39m[33m,[39m
    [90m 16| [39m    writable[33m:[39m [35mtrue[39m[33m,[39m

[31m[2mΓÄ»ΓÄ»ΓÄ»ΓÄ»ΓÄ»ΓÄ»ΓÄ»ΓÄ»ΓÄ»ΓÄ»ΓÄ»ΓÄ»ΓÄ»ΓÄ»ΓÄ»ΓÄ»ΓÄ»ΓÄ»ΓÄ»ΓÄ»ΓÄ
»ΓÄ»ΓÄ»ΓÄ»ΓÄ»ΓÄ»ΓÄ»ΓÄ»ΓÄ»ΓÄ»[22m[39m
[31m[1mSerialized Error:[22m[39m [90m{ code: 'ERR_INVALID_OBJECT_D
EFINE_PROPERTY' }[39m
[31m[2mΓÄ»ΓÄ»ΓÄ»ΓÄ»ΓÄ»ΓÄ»ΓÄ»ΓÄ»ΓÄ»ΓÄ»ΓÄ»ΓÄ»ΓÄ»ΓÄ»ΓÄ»ΓÄ»ΓÄ»ΓÄ»ΓÄ»ΓÄ»ΓÄ
»ΓÄ»ΓÄ»[1/72]ΓÄ»[22m[39m

[31m[1m[7m FAIL [27m[22m[39m __tests__/api-authorization.test.ts
[2m [ __tests__/api-authorization.test.ts ][22m
[31m[1m[7m FAIL [27m[22m[39m __tests__/auth-password-hashing.test
.ts[2m [ __tests__/auth-password-hashing.test.ts ][22m
[31m[1m[7m FAIL [27m[22m[39m __tests__/auth-route-access.test.ts
[2m [ __tests__/auth-route-access.test.ts ][22m
[31m[1m[7m FAIL [27m[22m[39m __tests__/auth-session-role.test.ts
[2m [ __tests__/auth-session-role.test.ts ][22m
[31m[1m[7m FAIL [27m[22m[39m __tests__/config-connection-test.tes
t.ts[2m [ __tests__/config-connection-test.test.ts ][22m
[31m[1m[7m FAIL [27m[22m[39m __tests__/config-form.test.tsx[2m [
 __tests__/config-form.test.tsx ][22m
[31m[1m[7m FAIL [27m[22m[39m __tests__/config-polling-interval.te
st.ts[2m [ __tests__/config-polling-interval.test.ts ][22m
[31m[1m[7m FAIL [27m[22m[39m __tests__/config-profile-endpoints.t
est.ts[2m [ __tests__/config-profile-endpoints.test.ts ][22m
[31m[1m[7m FAIL [27m[22m[39m __tests__/database-schema.test.ts[2
m [ __tests__/database-schema.test.ts ][22m
[31m[1m[7m FAIL [27m[22m[39m __tests__/device-api-endpoints.test.
ts[2m [ __tests__/device-api-endpoints.test.ts ][22m
[31m[1m[7m FAIL [27m[22m[39m __tests__/device-creation-defaults.t
est.ts[2m [ __tests__/device-creation-defaults.test.ts ][22m
[31m[1m[7m FAIL [27m[22m[39m __tests__/device-creation-mikrotik-s
ync.test.ts[2m [ __tests__/device-creation-mikrotik-sync.test.ts ][22
m
[31m[1m[7m FAIL [27m[22m[39m __tests__/device-delete-endpoint.tes
t.ts[2m [ __tests__/device-delete-endpoint.test.ts ][22m
[31m[1m[7m FAIL [27m[22m[39m __tests__/device-drag-permission.tes
t.tsx[2m [ __tests__/device-drag-permission.test.tsx ][22m
[31m[1m[7m FAIL [27m[22m[39m __tests__/device-icon-mapping.test.t
sx[2m [ __tests__/device-icon-mapping.test.tsx ][22m
[31m[1m[7m FAIL [27m[22m[39m __tests__/device-import-summary-accu
racy.test.ts[2m [ __tests__/device-import-summary-accuracy.test.ts ][
22m
[31m[1m[7m FAIL [27m[22m[39m __tests__/device-ip-uniqueness.test.
ts[2m [ __tests__/device-ip-uniqueness.test.ts ][22m
[31m[1m[7m FAIL [27m[22m[39m __tests__/device-management-componen
ts.test.tsx[2m [ __tests__/device-management-components.test.tsx ][22
m
[31m[1m[7m FAIL [27m[22m[39m __tests__/device-move-endpoint.test.
ts[2m [ __tests__/device-move-endpoint.test.ts ][22m
[31m[1m[7m FAIL [27m[22m[39m __tests__/device-position-persistenc
e.test.ts[2m [ __tests__/device-position-persistence.test.ts ][22m
[31m[1m[7m FAIL [27m[22m[39m __tests__/device-status-refresh.test
.ts[2m [ __tests__/device-status-refresh.test.ts ][22m
[31m[1m[7m FAIL [27m[22m[39m __tests__/device-status-update.test.
ts[2m [ __tests__/device-status-update.test.ts ][22m
[31m[1m[7m FAIL [27m[22m[39m __tests__/device-status-visual.test.
tsx[2m [ __tests__/device-status-visual.test.tsx ][22m
[31m[1m[7m FAIL [27m[22m[39m __tests__/device-sync-api.test.ts[2
m [ __tests__/device-sync-api.test.ts ][22m
[31m[1m[7m FAIL [27m[22m[39m __tests__/device-sync-ip-uniqueness.
test.ts[2m [ __tests__/device-sync-ip-uniqueness.test.ts ][22m
[31m[1m[7m FAIL [27m[22m[39m __tests__/device-sync-mode-persisten
ce.test.ts[2m [ __tests__/device-sync-mode-persistence.test.ts ][22m
[31m[1m[7m FAIL [27m[22m[39m __tests__/device-update-endpoint.tes
t.ts[2m [ __tests__/device-update-endpoint.test.ts ][22m
[31m[1m[7m FAIL [27m[22m[39m __tests__/end-to-end.test.tsx[2m [ 
__tests__/end-to-end.test.tsx ][22m
[31m[1m[7m FAIL [27m[22m[39m __tests__/error-handling-verificatio
n.test.ts[2m [ __tests__/error-handling-verification.test.ts ][22m
[31m[1m[7m FAIL [27m[22m[39m __tests__/integration.test.ts[2m [ 
__tests__/integration.test.ts ][22m
[31m[1m[7m FAIL [27m[22m[39m __tests__/layout-components.test.tsx
[2m [ __tests__/layout-components.test.tsx ][22m
[31m[1m[7m FAIL [27m[22m[39m __tests__/map-components.test.tsx[2
m [ __tests__/map-components.test.tsx ][22m
[31m[1m[7m FAIL [27m[22m[39m __tests__/poller-resilience.test.ts
[2m [ __tests__/poller-resilience.test.ts ][22m
[31m[1m[7m FAIL [27m[22m[39m __tests__/poller-unit.test.ts[2m [ 
__tests__/poller-unit.test.ts ][22m
[31m[1m[7m FAIL [27m[22m[39m __tests__/profile-form.test.tsx[2m 
[ __tests__/profile-form.test.tsx ][22m
[31m[1m[7m FAIL [27m[22m[39m __tests__/visual-regression.test.tsx
[2m [ __tests__/visual-regression.test.tsx ][22m
[31m[1mTypeError[22m: 'process.env' only accepts a configurable, wri
table, and enumerable data descriptor[39m
[36m [2mΓ¥»[22m __tests__/setup.ts:[2m40:10[22m[39m
    [90m 38| [39m  }
    [90m 39| [39m  [90m// Reset environment[39m
    [90m 40| [39m  [33mObject[39m[33m.[39m[34mdefineProperty[39
m(process[33m.[39menv[33m,[39m [32m'NODE_ENV'[39m[33m,[39m {
    [90m   | [39m         [31m^[39m
    [90m 41| [39m    value[33m:[39m [32m'development'[39m[33m,[
39m
    [90m 42| [39m    writable[33m:[39m [35mtrue[39m[33m,[39m

[31m[2mΓÄ»ΓÄ»ΓÄ»ΓÄ»ΓÄ»ΓÄ»ΓÄ»ΓÄ»ΓÄ»ΓÄ»ΓÄ»ΓÄ»ΓÄ»ΓÄ»ΓÄ»ΓÄ»ΓÄ»ΓÄ»ΓÄ»ΓÄ»ΓÄ
»ΓÄ»ΓÄ»ΓÄ»ΓÄ»ΓÄ»ΓÄ»ΓÄ»ΓÄ»ΓÄ»[22m[39m
[31m[1mSerialized Error:[22m[39m [90m{ code: 'ERR_INVALID_OBJECT_D
EFINE_PROPERTY' }[39m
[31m[2mΓÄ»ΓÄ»ΓÄ»ΓÄ»ΓÄ»ΓÄ»ΓÄ»ΓÄ»ΓÄ»ΓÄ»ΓÄ»ΓÄ»ΓÄ»ΓÄ»ΓÄ»ΓÄ»ΓÄ»ΓÄ»ΓÄ»ΓÄ»ΓÄ
»ΓÄ»ΓÄ»[2/72]ΓÄ»[22m[39m

[2m Test Files [22m [1m[31m36 failed[39m[22m[90m (36)[39m
[2m      Tests [22m [33m358 skipped[39m[90m (358)[39m
[2m   Start at [22m 16:36:35
[2m   Duration [22m 86.39s[2m (transform 2.17s, setup 8.62s, collect 15.54s, tests 472ms, environment 44.13s, prepare 6.55s)[22m

